// Vitest Snapshot v1, https://vitest.dev/guide/snapshot.html

exports[`Badge > should render correctly 1`] = `
<div>
  <div
    class="badge-container gap-4 align-items-center py-4 px-8 bg-color-black-full border-radius-16 w-fit-content"
  >
    <p
      class="text-color-white font-s-11 lh-16 font-w-400 d-inline-block"
    >
      test
    </p>
  </div>
</div>
`;
